// Vitest Snapshot v1, https://vitest.dev/guide/snapshot.html

exports[`fix-engine M2 — catalog + backends, end-to-end > (a) resolves a BCDR VSS-writer failure: triage → dry-run → execute → verify → succeeded 1`] = `
"[status:triaging] Session started.
[model] Triaging the failure. First I'll read the asset's current health signals with get_vss_writers to confirm the root cause.
[status:triaging] → triaging
[tool_call] tool=get_vss_writers
[tool_result] ok=true healed=false
[model] Corroborating with read_event_log before choosing a remediation.
[status:triaging] → triaging
[tool_call] tool=read_event_log
[tool_result] ok=true healed=false
[model] Evidence confirms the classified failure. Plan: apply reset_vss_writers (dry-run first), then re-verify protection.
[status:executing] → executing
[tool_call] tool=reset_vss_writers
[observation] ok=true healed=false Dry-run preview: [dry-run] Reset VSS writers on ACME-SQL01 — writers re-registered Stable, agent service restarted.
[verification] ok=true healed=true Reset VSS writers on ACME-SQL01 — writers re-registered Stable, agent service restarted.
[model] Remediation applied. Verifying the asset is healthy again with get_vss_writers.
[status:verifying] → verifying
[tool_call] tool=get_vss_writers
[tool_result] ok=true healed=true
[model] Verification passed — the asset is protected again. Resolution complete.
[status:succeeded] → succeeded"
`;
